../Core/Src/main.c:67:6:ProcessPhases	24	static
../Core/Src/main.c:76:6:RunSpiBurst	16	static,ignoring_inline_asm
../Core/Src/main.c:97:5:main	8	static
../Core/Src/main.c:153:6:SystemClock_Config	128	static
../Core/Src/main.c:207:13:SystemPower_Config	8	static
../Core/Src/main.c:226:13:MX_ICACHE_Init	8	static
../Core/Src/main.c:258:13:MX_SPI1_Init	24	static
../Core/Src/main.c:315:13:MX_USART1_UART_Init	8	static
../Core/Src/main.c:363:13:MX_GPIO_Init	40	static
../Core/Src/main.c:407:6:Error_Handler	4	static,ignoring_inline_asm
